// Jest Snapshot v1, https://goo.gl/fbAQLP

exports[`Create Expense Page renders properly 1`] = `[Function]`;
