// Jest Snapshot v1, https://goo.gl/fbAQLP

exports[`Edit Expense Page should render properly 1`] = `
<div>
  <styled.h2>
    Edit Expense
  </styled.h2>
  <ExpenseForm
    expense={
      Object {
        "amount": "2000000",
        "createdAt": "1970-01-01T00:00:00.000Z",
        "desc": "Rent",
        "id": "3",
        "note": "The rent was not cheap either",
      }
    }
    onSubmit={[Function]}
  />
  <styled.button
    negative={true}
    onClick={[Function]}
    style={
      Object {
        "margin": "10px 5%",
      }
    }
  >
    Remove Expense
  </styled.button>
</div>
`;
