// Jest Snapshot v1, https://goo.gl/fbAQLP

exports[`LoginPage should render the Login Page 1`] = `
<div>
  <button
    onClick={[Function]}
  >
    Log In
  </button>
  <button>
    Sign Up
  </button>
</div>
`;
