// Jest Snapshot v1, https://goo.gl/fbAQLP

exports[`Not Found Page should render the Not Found Page 1`] = `
<div>
  <p>
    404!
  </p>
  <Link
    replace={false}
    to="/"
  >
    Home
  </Link>
</div>
`;
